
> backend@0.0.1 build
> nest build

npm : [96msrc/ai/ai.service.
ts[0m:[93m30[0m:[93m43[0
m - [91merror[0m[90m 
TS2322: [0mType 
'Buffer<ArrayBufferLike>' is 
not assignable to type 
'BlobPart'.
At line:1 char:1
+ npm run build > 
build_output.txt 2>&1
+ ~~~~~~~~~~~~~~~~~~~~~~~~~~~
~~~~~~~~~~
    + CategoryInfo           
   : NotSpecified: ([96msr  
  c/ai/ai....ype 'BlobPart   
 '.:String) [], RemoteExc    
eption
    + FullyQualifiedErrorId  
   : NativeCommandError
 
  Type 
'Buffer<ArrayBufferLike>' is 
not assignable to type 'Array
BufferView<ArrayBuffer>'.
    Types of property 
'buffer' are incompatible.
      Type 'ArrayBufferLike' 
is not assignable to type 
'ArrayBuffer'.
        Type 
'SharedArrayBuffer' is not 
assignable to type 
'ArrayBuffer'.
          Types of property 
'[Symbol.toStringTag]' are 
incompatible.
            Type 
'"SharedArrayBuffer"' is not 
assignable to type 
'"ArrayBuffer"'.

[7m30[0m         
formData.append('file', new 
Blob([file.buffer]), 
file.originalname);
[7m  [0m [91m             
                             
~~~~~~~~~~~[0m
[96msrc/notes/notes.service.
ts[0m:[93m7[0m:[93m9[0m 
- [91merror[0m[90m 
TS2345: [0mArgument of type 
'string | undefined' is not 
assignable to parameter of 
type 'string'.
  Type 'undefined' is not 
assignable to type 'string'.

[7m7[0m         
process.env.SUPABASE_URL,
[7m [0m [91m        
~~~~~~~~~~~~~~~~~~~~~~~~[0m
[96msrc/teacher/teacher.serv
ice.ts[0m:[93m7[0m:[93m9
[0m - [91merror[0m[90m 
TS2345: [0mArgument of type 
'string | undefined' is not 
assignable to parameter of 
type 'string'.
  Type 'undefined' is not 
assignable to type 'string'.

[7m7[0m         
process.env.SUPABASE_URL,
[7m [0m [91m        
~~~~~~~~~~~~~~~~~~~~~~~~[0m

Found 3 error(s).

